---------------------------------------------------------------
Docker installation on Debian Server
---------------------------------------------------------------
Executes bellow commands to install Docker on Debian linux.

Connected, host fingerprint: ssh-rsa 2048 D6:92:C4:4D:A9:8D:CD:B1:01:C7:AE:D4:18:8F:0C:C1:93:CC:FE:6C:A7:38:1A:AB:18:3A:82:1B:9F:44:E7:D6
Linux test-server 4.9.0-8-amd64 #1 SMP Debian 4.9.110-3+deb9u4 (2018-08-21) x86_64

The programs included with the Debian GNU/Linux system are free software;
the exact distribution terms for each program are described in the
individual files in /usr/share/doc/*/copyright.

Debian GNU/Linux comes with ABSOLUTELY NO WARRANTY, to the extent
permitted by applicable law.
Last login: Thu Sep 13 13:53:46 2018 from 173.194.93.96
********
devekinandan@test-server:~$ docker help
-bash: docker: command not found
********
devekinandan@test-server:~$ docker
-bash: docker: command not found
********
devekinandan@test-server:~$ java -version
openjdk version "1.8.0_181"
OpenJDK Runtime Environment (build 1.8.0_181-8u181-b13-1~deb9u1-b13)
OpenJDK 64-Bit Server VM (build 25.181-b13, mixed mode)
********
devekinandan@test-server:~$ sudo apt-get remove --purge mysql-server mysql-client mysql-common -y
Reading package lists... Done
Building dependency tree       
Reading state information... Done
Package 'mysql-client' is not installed, so not removed
The following packages were automatically installed and are no longer required:
  galera-3 libaio1 libcgi-fast-perl libcgi-pm-perl libdbi-perl libencode-locale-perl libfcgi-perl
  libhtml-parser-perl libhtml-tagset-perl libhtml-template-perl libhttp-date-perl libhttp-message-perl
  libio-html-perl libjemalloc1 liblwp-mediatypes-perl libreadline5 libterm-readkey-perl libtimedate-perl
  liburi-perl lsof rsync socat
Use 'sudo apt autoremove' to remove them.
The following packages will be REMOVED:
  default-mysql-server* libdbd-mysql-perl* libmariadbclient18* mariadb-client-10.1* mariadb-client-core-10.1*
  mariadb-common* mariadb-server-10.1* mariadb-server-core-10.1* mysql-common* mysql-server*
0 upgraded, 0 newly installed, 10 to remove and 5 not upgraded.
After this operation, 181 MB disk space will be freed.
(Reading database ... 47590 files and directories currently installed.)
Removing mysql-server (5.5.9999+default) ...
Removing default-mysql-server (1.0.2) ...
Removing libdbd-mysql-perl (4.041-2) ...
Removing libmariadbclient18:amd64 (10.1.26-0+deb9u1) ...
Removing mariadb-server-10.1 (10.1.26-0+deb9u1) ...
Removing mariadb-client-10.1 (10.1.26-0+deb9u1) ...
Removing mariadb-client-core-10.1 (10.1.26-0+deb9u1) ...
Removing mariadb-server-core-10.1 (10.1.26-0+deb9u1) ...
Removing mariadb-common (10.1.26-0+deb9u1) ...
update-alternatives: using /etc/mysql/my.cnf.fallback to provide /etc/mysql/my.cnf (my.cnf) in auto mode
Removing mysql-common (5.8+1.0.2) ...
Processing triggers for libc-bin (2.24-11+deb9u3) ...
Processing triggers for man-db (2.7.6.1-2) ...
(Reading database ... 47296 files and directories currently installed.)
Purging configuration files for mariadb-common (10.1.26-0+deb9u1) ...
Purging configuration files for mariadb-client-10.1 (10.1.26-0+deb9u1) ...
Purging configuration files for mysql-common (5.8+1.0.2) ...
Purging configuration files for mariadb-server-10.1 (10.1.26-0+deb9u1) ...
Processing triggers for systemd (232-25+deb9u4) ...
********
devekinandan@test-server:~$ sudo apt-get -y remove docker docker-engine docker.io
Reading package lists... Done
Building dependency tree       
Reading state information... Done
Package 'docker-engine' is not installed, so not removed
Package 'docker.io' is not installed, so not removed
Package 'docker' is not installed, so not removed
0 upgraded, 0 newly installed, 0 to remove and 5 not upgraded.

********
devekinandan@test-server:~$ sudo apt-getupdate
sudo: apt-getupdate: command not found

********
devekinandan@test-server:~$ sudo apt-get update
Ign:1 http://deb.debian.org/debian stretch InRelease
Hit:2 http://deb.debian.org/debian stretch-updates InRelease
Hit:3 http://packages.cloud.google.com/apt cloud-sdk-stretch InRelease
Hit:4 http://deb.debian.org/debian stretch-backports InRelease      
Hit:5 http://packages.cloud.google.com/apt google-compute-engine-stretch-stable InRelease
Hit:6 http://deb.debian.org/debian stretch Release                                             
Hit:7 http://packages.cloud.google.com/apt google-cloud-packages-archive-keyring-stretch InRelease
Hit:8 http://security.debian.org stretch/updates InRelease               
Reading package lists... Done                      

********
devekinandan@test-server:~$ sudo apt-get -y remove docker docker-engine docker.io
Reading package lists... Done
Building dependency tree       
Reading state information... Done
Package 'docker-engine' is not installed, so not removed
Package 'docker.io' is not installed, so not removed
Package 'docker' is not installed, so not removed
0 upgraded, 0 newly installed, 0 to remove and 5 not upgraded.

********
devekinandan@test-server:~$ sudo apt-get update
Hit:1 http://security.debian.org stretch/updates InRelease
Ign:2 http://deb.debian.org/debian stretch InRelease
Hit:3 http://packages.cloud.google.com/apt cloud-sdk-stretch InRelease
Hit:4 http://deb.debian.org/debian stretch-updates InRelease             
Hit:5 http://packages.cloud.google.com/apt google-compute-engine-stretch-stable InRelease
Hit:6 http://packages.cloud.google.com/apt google-cloud-packages-archive-keyring-stretch InRelease
Hit:7 http://deb.debian.org/debian stretch-backports InRelease           
Hit:8 http://deb.debian.org/debian stretch Release 
Reading package lists... Done                      

********
devekinandan@test-server:~$ sudo apt-get install -y apt-transport-https ca-certificates wget software-properties-common
Reading package lists... Done
Building dependency tree       
Reading state information... Done
ca-certificates is already the newest version (20161130+nmu1+deb9u1).
wget is already the newest version (1.18-5+deb9u2).
The following additional packages will be installed:
  gir1.2-glib-2.0 gir1.2-packagekitglib-1.0 iso-codes libcap2-bin libcurl3-gnutls libdbus-glib-1-2
  libgirepository-1.0-1 libglib2.0-bin libgstreamer1.0-0 libpackagekit-glib2-18 libpam-cap libpam-systemd
  libpolkit-agent-1-0 libpolkit-backend-1-0 libpolkit-gobject-1-0 packagekit packagekit-tools policykit-1
  python3-dbus python3-gi python3-pycurl python3-software-properties
Suggested packages:
  isoquery gstreamer1.0-tools appstream python-dbus-doc python3-dbus-dbg libcurl4-gnutls-dev python-pycurl-doc
  python3-pycurl-dbg
The following NEW packages will be installed:
  apt-transport-https gir1.2-glib-2.0 gir1.2-packagekitglib-1.0 iso-codes libcap2-bin libcurl3-gnutls
  libdbus-glib-1-2 libgirepository-1.0-1 libglib2.0-bin libgstreamer1.0-0 libpackagekit-glib2-18 libpam-cap
  libpam-systemd libpolkit-agent-1-0 libpolkit-backend-1-0 libpolkit-gobject-1-0 packagekit packagekit-tools
  policykit-1 python3-dbus python3-gi python3-pycurl python3-software-properties software-properties-common
0 upgraded, 24 newly installed, 0 to remove and 5 not upgraded.
Need to get 8,857 kB of archives.
After this operation, 33.3 MB of additional disk space will be used.
Get:1 http://deb.debian.org/debian stretch/main amd64 libpam-systemd amd64 232-25+deb9u4 [188 kB]
Get:2 http://security.debian.org stretch/updates/main amd64 libcurl3-gnutls amd64 7.52.1-5+deb9u7 [290 kB]
Get:3 http://deb.debian.org/debian stretch/main amd64 apt-transport-https amd64 1.4.8 [171 kB]
Get:4 http://deb.debian.org/debian stretch/main amd64 libgirepository-1.0-1 amd64 1.50.0-1+b1 [89.0 kB]
Get:5 http://deb.debian.org/debian stretch/main amd64 gir1.2-glib-2.0 amd64 1.50.0-1+b1 [139 kB]
Get:6 http://deb.debian.org/debian stretch/main amd64 libpackagekit-glib2-18 amd64 1.1.5-2+deb9u1 [114 kB]
Get:7 http://deb.debian.org/debian stretch/main amd64 gir1.2-packagekitglib-1.0 amd64 1.1.5-2+deb9u1 [34.7 kB]
Get:8 http://deb.debian.org/debian stretch/main amd64 iso-codes all 3.75-1 [2,389 kB]
Get:9 http://deb.debian.org/debian stretch/main amd64 libcap2-bin amd64 1:2.25-1 [26.5 kB]
Get:10 http://deb.debian.org/debian stretch/main amd64 libdbus-glib-1-2 amd64 0.108-2 [206 kB]
Get:11 http://deb.debian.org/debian stretch/main amd64 libglib2.0-bin amd64 2.50.3-2 [1,615 kB]
Get:12 http://deb.debian.org/debian stretch/main amd64 libgstreamer1.0-0 amd64 1.10.4-1 [1,962 kB]
Get:13 http://deb.debian.org/debian stretch/main amd64 libpam-cap amd64 1:2.25-1 [13.5 kB]
Get:14 http://deb.debian.org/debian stretch/main amd64 libpolkit-gobject-1-0 amd64 0.105-18 [43.6 kB]
Get:15 http://deb.debian.org/debian stretch/main amd64 libpolkit-agent-1-0 amd64 0.105-18 [24.3 kB]
Get:16 http://deb.debian.org/debian stretch/main amd64 libpolkit-backend-1-0 amd64 0.105-18 [45.8 kB]
Get:17 http://deb.debian.org/debian stretch/main amd64 policykit-1 amd64 0.105-18 [63.4 kB]
Get:18 http://deb.debian.org/debian stretch/main amd64 packagekit amd64 1.1.5-2+deb9u1 [546 kB]
Get:19 http://deb.debian.org/debian stretch/main amd64 packagekit-tools amd64 1.1.5-2+deb9u1 [45.3 kB]
Get:20 http://deb.debian.org/debian stretch/main amd64 python3-dbus amd64 1.2.4-1+b1 [184 kB]
Get:21 http://deb.debian.org/debian stretch/main amd64 python3-gi amd64 3.22.0-2 [473 kB]
Get:22 http://deb.debian.org/debian stretch/main amd64 python3-pycurl amd64 7.43.0-2 [61.3 kB]
Get:23 http://deb.debian.org/debian stretch/main amd64 python3-software-properties all 0.96.20.2-1 [49.5 kB]
Get:24 http://deb.debian.org/debian stretch/main amd64 software-properties-common all 0.96.20.2-1 [83.6 kB]
Fetched 8,857 kB in 0s (14.9 MB/s)                
Selecting previously unselected package libpam-systemd:amd64.
(Reading database ... 46693 files and directories currently installed.)
Preparing to unpack .../00-libpam-systemd_232-25+deb9u4_amd64.deb ...
Unpacking libpam-systemd:amd64 (232-25+deb9u4) ...
Selecting previously unselected package libcurl3-gnutls:amd64.
Preparing to unpack .../01-libcurl3-gnutls_7.52.1-5+deb9u7_amd64.deb ...
Unpacking libcurl3-gnutls:amd64 (7.52.1-5+deb9u7) ...
Selecting previously unselected package apt-transport-https.
Preparing to unpack .../02-apt-transport-https_1.4.8_amd64.deb ...
Unpacking apt-transport-https (1.4.8) ...
Selecting previously unselected package libgirepository-1.0-1:amd64.
Preparing to unpack .../03-libgirepository-1.0-1_1.50.0-1+b1_amd64.deb ...
Unpacking libgirepository-1.0-1:amd64 (1.50.0-1+b1) ...
Selecting previously unselected package gir1.2-glib-2.0:amd64.
Preparing to unpack .../04-gir1.2-glib-2.0_1.50.0-1+b1_amd64.deb ...
Unpacking gir1.2-glib-2.0:amd64 (1.50.0-1+b1) ...
Selecting previously unselected package libpackagekit-glib2-18:amd64.
Preparing to unpack .../05-libpackagekit-glib2-18_1.1.5-2+deb9u1_amd64.deb ...
Unpacking libpackagekit-glib2-18:amd64 (1.1.5-2+deb9u1) ...
Selecting previously unselected package gir1.2-packagekitglib-1.0.
Preparing to unpack .../06-gir1.2-packagekitglib-1.0_1.1.5-2+deb9u1_amd64.deb ...
Unpacking gir1.2-packagekitglib-1.0 (1.1.5-2+deb9u1) ...
Selecting previously unselected package iso-codes.
Preparing to unpack .../07-iso-codes_3.75-1_all.deb ...
Unpacking iso-codes (3.75-1) ...
Selecting previously unselected package libcap2-bin.
Preparing to unpack .../08-libcap2-bin_1%3a2.25-1_amd64.deb ...
Unpacking libcap2-bin (1:2.25-1) ...
Selecting previously unselected package libdbus-glib-1-2:amd64.
Preparing to unpack .../09-libdbus-glib-1-2_0.108-2_amd64.deb ...
Unpacking libdbus-glib-1-2:amd64 (0.108-2) ...
Selecting previously unselected package libglib2.0-bin.
Preparing to unpack .../10-libglib2.0-bin_2.50.3-2_amd64.deb ...
Unpacking libglib2.0-bin (2.50.3-2) ...
Selecting previously unselected package libgstreamer1.0-0:amd64.
Preparing to unpack .../11-libgstreamer1.0-0_1.10.4-1_amd64.deb ...
Unpacking libgstreamer1.0-0:amd64 (1.10.4-1) ...
Selecting previously unselected package libpam-cap:amd64.
Preparing to unpack .../12-libpam-cap_1%3a2.25-1_amd64.deb ...
Unpacking libpam-cap:amd64 (1:2.25-1) ...
Selecting previously unselected package libpolkit-gobject-1-0:amd64.
Preparing to unpack .../13-libpolkit-gobject-1-0_0.105-18_amd64.deb ...
Unpacking libpolkit-gobject-1-0:amd64 (0.105-18) ...
Selecting previously unselected package libpolkit-agent-1-0:amd64.
Preparing to unpack .../14-libpolkit-agent-1-0_0.105-18_amd64.deb ...
Unpacking libpolkit-agent-1-0:amd64 (0.105-18) ...
Selecting previously unselected package libpolkit-backend-1-0:amd64.
Preparing to unpack .../15-libpolkit-backend-1-0_0.105-18_amd64.deb ...
Unpacking libpolkit-backend-1-0:amd64 (0.105-18) ...
Selecting previously unselected package policykit-1.
Preparing to unpack .../16-policykit-1_0.105-18_amd64.deb ...
Unit polkit.service does not exist, proceeding anyway.
Created symlink /run/systemd/system/polkit.service ? /dev/null.
Unpacking policykit-1 (0.105-18) ...
Selecting previously unselected package packagekit.
Preparing to unpack .../17-packagekit_1.1.5-2+deb9u1_amd64.deb ...
Unpacking packagekit (1.1.5-2+deb9u1) ...
Selecting previously unselected package packagekit-tools.
Preparing to unpack .../18-packagekit-tools_1.1.5-2+deb9u1_amd64.deb ...
Unpacking packagekit-tools (1.1.5-2+deb9u1) ...
Selecting previously unselected package python3-dbus.
Preparing to unpack .../19-python3-dbus_1.2.4-1+b1_amd64.deb ...
Unpacking python3-dbus (1.2.4-1+b1) ...
Selecting previously unselected package python3-gi.
Preparing to unpack .../20-python3-gi_3.22.0-2_amd64.deb ...
Unpacking python3-gi (3.22.0-2) ...
Selecting previously unselected package python3-pycurl.
Preparing to unpack .../21-python3-pycurl_7.43.0-2_amd64.deb ...
Unpacking python3-pycurl (7.43.0-2) ...
Selecting previously unselected package python3-software-properties.
Preparing to unpack .../22-python3-software-properties_0.96.20.2-1_all.deb ...
Unpacking python3-software-properties (0.96.20.2-1) ...
Selecting previously unselected package software-properties-common.
Preparing to unpack .../23-software-properties-common_0.96.20.2-1_all.deb ...
Unpacking software-properties-common (0.96.20.2-1) ...
Setting up libpam-systemd:amd64 (232-25+deb9u4) ...
Setting up libpam-cap:amd64 (1:2.25-1) ...
Setting up iso-codes (3.75-1) ...
Setting up libcap2-bin (1:2.25-1) ...
Setting up libdbus-glib-1-2:amd64 (0.108-2) ...
Setting up libcurl3-gnutls:amd64 (7.52.1-5+deb9u7) ...
Setting up libpackagekit-glib2-18:amd64 (1.1.5-2+deb9u1) ...
Processing triggers for sgml-base (1.29) ...
Setting up libgirepository-1.0-1:amd64 (1.50.0-1+b1) ...
Setting up gir1.2-glib-2.0:amd64 (1.50.0-1+b1) ...
Processing triggers for libc-bin (2.24-11+deb9u3) ...
Processing triggers for man-db (2.7.6.1-2) ...
Setting up gir1.2-packagekitglib-1.0 (1.1.5-2+deb9u1) ...
Processing triggers for dbus (1.10.26-0+deb9u1) ...
Setting up libglib2.0-bin (2.50.3-2) ...
Setting up libpolkit-gobject-1-0:amd64 (0.105-18) ...
Setting up python3-pycurl (7.43.0-2) ...
Setting up apt-transport-https (1.4.8) ...
Setting up python3-dbus (1.2.4-1+b1) ...
Setting up libgstreamer1.0-0:amd64 (1.10.4-1) ...
Setcap worked! gst-ptp-helper is not suid!
Setting up libpolkit-agent-1-0:amd64 (0.105-18) ...
Setting up python3-gi (3.22.0-2) ...
Setting up libpolkit-backend-1-0:amd64 (0.105-18) ...
Setting up python3-software-properties (0.96.20.2-1) ...
Setting up software-properties-common (0.96.20.2-1) ...
Setting up policykit-1 (0.105-18) ...
Removed /run/systemd/system/polkit.service.
polkit.service is a disabled or a static unit not running, not starting it.
Setting up packagekit (1.1.5-2+deb9u1) ...
Setting up packagekit-tools (1.1.5-2+deb9u1) ...
Processing triggers for libc-bin (2.24-11+deb9u3) ...
Processing triggers for dbus (1.10.26-0+deb9u1) ...

********
devekinandan@test-server:~$ wget https://download.docker.com/linux/debian/gpg+
--2018-09-14 07:15:59--  https://download.docker.com/linux/debian/gpg+
Resolving download.docker.com (download.docker.com)... 54.230.80.197, 54.230.80.144, 54.230.80.180, ...
Connecting to download.docker.com (download.docker.com)|54.230.80.197|:443... connected.
HTTP request sent, awaiting response... 404 Not Found
2018-09-14 07:15:59 ERROR 404: Not Found.

devekinandan@test-server:~$ wget https://download.docker.com/linux/debian/gpg
--2018-09-14 07:16:04--  https://download.docker.com/linux/debian/gpg
Resolving download.docker.com (download.docker.com)... 54.230.80.197, 54.230.80.144, 54.230.80.180, ...
Connecting to download.docker.com (download.docker.com)|54.230.80.197|:443... connected.
HTTP request sent, awaiting response... 200 OK
Length: 3817 (3.7K) [binary/octet-stream]
Saving to: ‘gpg’

gpg                          100%[=============================================>]   3.73K  --.-KB/s    in 0s      

2018-09-14 07:16:04 (129 MB/s) - ‘gpg’ saved [3817/3817]

********
devekinandan@test-server:~$ sudo apt-key add gpg
OK


********
devekinandan@test-server:~$ echo "deb [arch=amd64] https://download.docker.com/linux/debian $(lsb_release -cs) stable" | sudo tee -a /etc/apt/sources.list.d/docker.list
deb [arch=amd64] https://download.docker.com/linux/debian stretch stable

********
devekinandan@test-server:~$ sudo apt-get update
Hit:1 http://security.debian.org stretch/updates InRelease
Ign:2 http://deb.debian.org/debian stretch InRelease
Hit:3 http://packages.cloud.google.com/apt cloud-sdk-stretch InRelease
Hit:4 http://deb.debian.org/debian stretch-updates InRelease             
Hit:5 http://deb.debian.org/debian stretch-backports InRelease           
Hit:6 http://packages.cloud.google.com/apt google-compute-engine-stretch-stable InRelease
Hit:7 http://deb.debian.org/debian stretch Release                       
Hit:8 http://packages.cloud.google.com/apt google-cloud-packages-archive-keyring-stretch InRelease
Get:10 https://download.docker.com/linux/debian stretch InRelease [39.5 kB]
Get:11 https://download.docker.com/linux/debian stretch/stable amd64 Packages [4,435 B]
Fetched 44.0 kB in 0s (44.8 kB/s)
Reading package lists... Done

********
devekinandan@test-server:~$ sudo apt-cache policy docker-ce
docker-ce:
  Installed: (none)
  Candidate: 18.06.1~ce~3-0~debian
  Version table:
     18.06.1~ce~3-0~debian 500
        500 https://download.docker.com/linux/debian stretch/stable amd64 Packages
     18.06.0~ce~3-0~debian 500
        500 https://download.docker.com/linux/debian stretch/stable amd64 Packages
     18.03.1~ce-0~debian 500
        500 https://download.docker.com/linux/debian stretch/stable amd64 Packages
     18.03.0~ce-0~debian 500
        500 https://download.docker.com/linux/debian stretch/stable amd64 Packages
     17.12.1~ce-0~debian 500
        500 https://download.docker.com/linux/debian stretch/stable amd64 Packages
     17.12.0~ce-0~debian 500
        500 https://download.docker.com/linux/debian stretch/stable amd64 Packages
     17.09.1~ce-0~debian 500
        500 https://download.docker.com/linux/debian stretch/stable amd64 Packages
     17.09.0~ce-0~debian 500
        500 https://download.docker.com/linux/debian stretch/stable amd64 Packages
     17.06.2~ce-0~debian 500
        500 https://download.docker.com/linux/debian stretch/stable amd64 Packages
     17.06.1~ce-0~debian 500
        500 https://download.docker.com/linux/debian stretch/stable amd64 Packages
     17.06.0~ce-0~debian 500
        500 https://download.docker.com/linux/debian stretch/stable amd64 Packages
     17.03.3~ce-0~debian-stretch 500
        500 https://download.docker.com/linux/debian stretch/stable amd64 Packages
     17.03.2~ce-0~debian-stretch 500
        500 https://download.docker.com/linux/debian stretch/stable amd64 Packages
     17.03.1~ce-0~debian-stretch 500
        500 https://download.docker.com/linux/debian stretch/stable amd64 Packages
     17.03.0~ce-0~debian-stretch 500
        500 https://download.docker.com/linux/debian stretch/stable amd64 Packages

********		
devekinandan@test-server:~$ sudo apt-get -y install docker-ce
Reading package lists... Done
Building dependency tree       
Reading state information... Done
The following additional packages will be installed:
  aufs-dkms aufs-tools binutils cgroupfs-mount cpp cpp-6 dkms fakeroot gcc gcc-6 git git-man less libasan3
  libatomic1 libc-dev-bin libc6-dev libcc1-0 libcilkrts5 liberror-perl libfakeroot libgcc-6-dev libgomp1 libisl15
  libitm1 liblsan0 libltdl7 libmpc3 libmpx2 libquadmath0 libtsan0 libubsan0 linux-compiler-gcc-6-x86
  linux-headers-4.9.0-8-amd64 linux-headers-4.9.0-8-common linux-headers-amd64 linux-kbuild-4.9 linux-libc-dev
  make manpages manpages-dev patch pigz rsync
Suggested packages:
  aufs-dev binutils-doc cpp-doc gcc-6-locales python3-apport menu gcc-multilib autoconf automake libtool flex
  bison gdb gcc-doc gcc-6-multilib gcc-6-doc libgcc1-dbg libgomp1-dbg libitm1-dbg libatomic1-dbg libasan3-dbg
  liblsan0-dbg libtsan0-dbg libubsan0-dbg libcilkrts5-dbg libmpx2-dbg libquadmath0-dbg git-daemon-run
  | git-daemon-sysvinit git-doc git-el git-email git-gui gitk gitweb git-arch git-cvs git-mediawiki git-svn
  glibc-doc make-doc ed diffutils-doc
The following NEW packages will be installed:
  aufs-dkms aufs-tools binutils cgroupfs-mount cpp cpp-6 dkms docker-ce fakeroot gcc gcc-6 git git-man less
  libasan3 libatomic1 libc-dev-bin libc6-dev libcc1-0 libcilkrts5 liberror-perl libfakeroot libgcc-6-dev libgomp1
  libisl15 libitm1 liblsan0 libltdl7 libmpc3 libmpx2 libquadmath0 libtsan0 libubsan0 linux-compiler-gcc-6-x86
  linux-headers-4.9.0-8-amd64 linux-headers-4.9.0-8-common linux-headers-amd64 linux-kbuild-4.9 linux-libc-dev
  make manpages manpages-dev patch pigz rsync
0 upgraded, 45 newly installed, 0 to remove and 5 not upgraded.
Need to get 85.3 MB/85.6 MB of archives.
After this operation, 404 MB of additional disk space will be used.
Get:1 http://security.debian.org stretch/updates/main amd64 linux-kbuild-4.9 amd64 4.9.110-3+deb9u4 [765 kB]
Get:2 http://deb.debian.org/debian stretch/main amd64 liberror-perl all 0.17024-1 [26.9 kB]
Get:3 http://deb.debian.org/debian stretch/main amd64 git-man all 1:2.11.0-3+deb9u3 [1,433 kB]
Get:4 http://security.debian.org stretch/updates/main amd64 linux-libc-dev amd64 4.9.110-3+deb9u4 [1,350 kB]
Get:5 http://deb.debian.org/debian stretch/main amd64 git amd64 1:2.11.0-3+deb9u3 [4,163 kB]
Get:6 http://security.debian.org stretch/updates/main amd64 linux-compiler-gcc-6-x86 amd64 4.9.110-3+deb9u4 [558 kB]
Get:7 http://security.debian.org stretch/updates/main amd64 linux-headers-4.9.0-8-common all 4.9.110-3+deb9u4 [7,594 kB]
Get:8 http://security.debian.org stretch/updates/main amd64 linux-headers-4.9.0-8-amd64 amd64 4.9.110-3+deb9u4 [450 kB]
Get:9 http://security.debian.org stretch/updates/main amd64 linux-headers-amd64 amd64 4.9+80+deb9u6 [6,024 B]
Get:10 https://download.docker.com/linux/debian stretch/stable amd64 docker-ce amd64 18.06.1~ce~3-0~debian [40.2 MB]
Get:11 http://deb.debian.org/debian stretch/main amd64 pigz amd64 2.3.4-1 [55.4 kB]
Get:12 http://deb.debian.org/debian stretch/main amd64 less amd64 481-2.1 [126 kB]
Get:13 http://deb.debian.org/debian stretch/main amd64 manpages all 4.10-2 [1,222 kB]
Get:14 http://deb.debian.org/debian stretch/main amd64 libisl15 amd64 0.18-1 [564 kB]
Get:15 http://deb.debian.org/debian stretch/main amd64 libmpc3 amd64 1.0.3-1+b2 [39.9 kB]
Get:16 http://deb.debian.org/debian stretch/main amd64 cpp-6 amd64 6.3.0-18+deb9u1 [6,584 kB]
Get:17 http://deb.debian.org/debian stretch/main amd64 cpp amd64 4:6.3.0-4 [18.7 kB]
Get:18 http://deb.debian.org/debian stretch/main amd64 libcc1-0 amd64 6.3.0-18+deb9u1 [30.6 kB]
Get:19 http://deb.debian.org/debian stretch/main amd64 binutils amd64 2.28-5 [3,770 kB]
Get:20 http://deb.debian.org/debian stretch/main amd64 libgomp1 amd64 6.3.0-18+deb9u1 [73.3 kB]
Get:21 http://deb.debian.org/debian stretch/main amd64 libitm1 amd64 6.3.0-18+deb9u1 [27.3 kB]
Get:22 http://deb.debian.org/debian stretch/main amd64 libatomic1 amd64 6.3.0-18+deb9u1 [8,966 B]
Get:23 http://deb.debian.org/debian stretch/main amd64 libasan3 amd64 6.3.0-18+deb9u1 [311 kB]
Get:24 http://deb.debian.org/debian stretch/main amd64 liblsan0 amd64 6.3.0-18+deb9u1 [115 kB]
Get:25 http://deb.debian.org/debian stretch/main amd64 libtsan0 amd64 6.3.0-18+deb9u1 [257 kB]
Get:26 http://deb.debian.org/debian stretch/main amd64 libubsan0 amd64 6.3.0-18+deb9u1 [107 kB]
Get:27 http://deb.debian.org/debian stretch/main amd64 libcilkrts5 amd64 6.3.0-18+deb9u1 [40.5 kB]
Get:28 http://deb.debian.org/debian stretch/main amd64 libmpx2 amd64 6.3.0-18+deb9u1 [11.2 kB]
Get:29 http://deb.debian.org/debian stretch/main amd64 libquadmath0 amd64 6.3.0-18+deb9u1 [131 kB]
Get:30 http://deb.debian.org/debian stretch/main amd64 libgcc-6-dev amd64 6.3.0-18+deb9u1 [2,296 kB]
Get:31 http://deb.debian.org/debian stretch/main amd64 gcc-6 amd64 6.3.0-18+deb9u1 [6,900 kB]
Get:32 http://deb.debian.org/debian stretch/main amd64 gcc amd64 4:6.3.0-4 [5,196 B]
Get:33 http://deb.debian.org/debian stretch/main amd64 make amd64 4.1-9.1 [302 kB]
Get:34 http://deb.debian.org/debian stretch/main amd64 patch amd64 2.7.5-1+deb9u1 [112 kB]
Get:35 http://deb.debian.org/debian stretch/main amd64 dkms all 2.3-2 [74.8 kB]
Get:36 http://deb.debian.org/debian stretch/main amd64 aufs-dkms amd64 4.9+20161219-1 [169 kB]
Get:37 http://deb.debian.org/debian stretch/main amd64 aufs-tools amd64 1:4.1+20161219-1 [102 kB]
Get:38 http://deb.debian.org/debian stretch/main amd64 cgroupfs-mount all 1.3 [5,716 B]
Get:39 http://deb.debian.org/debian stretch/main amd64 libltdl7 amd64 2.4.6-2 [389 kB]
Get:40 http://deb.debian.org/debian stretch/main amd64 libfakeroot amd64 1.21-3.1 [45.7 kB]
Get:41 http://deb.debian.org/debian stretch/main amd64 fakeroot amd64 1.21-3.1 [85.6 kB]
Get:42 http://deb.debian.org/debian stretch/main amd64 libc-dev-bin amd64 2.24-11+deb9u3 [258 kB]
Get:43 http://deb.debian.org/debian stretch/main amd64 libc6-dev amd64 2.24-11+deb9u3 [2,361 kB]
Get:44 http://deb.debian.org/debian stretch/main amd64 manpages-dev all 4.10-2 [2,145 kB]
Fetched 85.3 MB in 2s (28.6 MB/s)                                       
Extracting templates from packages: 100%
Selecting previously unselected package liberror-perl.
(Reading database ... 48127 files and directories currently installed.)
Preparing to unpack .../00-liberror-perl_0.17024-1_all.deb ...
Unpacking liberror-perl (0.17024-1) ...
Selecting previously unselected package git-man.
Preparing to unpack .../01-git-man_1%3a2.11.0-3+deb9u3_all.deb ...
Unpacking git-man (1:2.11.0-3+deb9u3) ...
Selecting previously unselected package git.
Preparing to unpack .../02-git_1%3a2.11.0-3+deb9u3_amd64.deb ...
Unpacking git (1:2.11.0-3+deb9u3) ...
Selecting previously unselected package pigz.
Preparing to unpack .../03-pigz_2.3.4-1_amd64.deb ...
Unpacking pigz (2.3.4-1) ...
Selecting previously unselected package less.
Preparing to unpack .../04-less_481-2.1_amd64.deb ...
Unpacking less (481-2.1) ...
Selecting previously unselected package manpages.
Preparing to unpack .../05-manpages_4.10-2_all.deb ...
Unpacking manpages (4.10-2) ...
Selecting previously unselected package libisl15:amd64.
Preparing to unpack .../06-libisl15_0.18-1_amd64.deb ...
Unpacking libisl15:amd64 (0.18-1) ...
Selecting previously unselected package libmpc3:amd64.
Preparing to unpack .../07-libmpc3_1.0.3-1+b2_amd64.deb ...
Unpacking libmpc3:amd64 (1.0.3-1+b2) ...
Selecting previously unselected package cpp-6.
Preparing to unpack .../08-cpp-6_6.3.0-18+deb9u1_amd64.deb ...
Unpacking cpp-6 (6.3.0-18+deb9u1) ...
Selecting previously unselected package cpp.
Preparing to unpack .../09-cpp_4%3a6.3.0-4_amd64.deb ...
Unpacking cpp (4:6.3.0-4) ...
Selecting previously unselected package libcc1-0:amd64.
Preparing to unpack .../10-libcc1-0_6.3.0-18+deb9u1_amd64.deb ...
Unpacking libcc1-0:amd64 (6.3.0-18+deb9u1) ...
Selecting previously unselected package binutils.
Preparing to unpack .../11-binutils_2.28-5_amd64.deb ...
Unpacking binutils (2.28-5) ...
Selecting previously unselected package libgomp1:amd64.
Preparing to unpack .../12-libgomp1_6.3.0-18+deb9u1_amd64.deb ...
Unpacking libgomp1:amd64 (6.3.0-18+deb9u1) ...
Selecting previously unselected package libitm1:amd64.
Preparing to unpack .../13-libitm1_6.3.0-18+deb9u1_amd64.deb ...
Unpacking libitm1:amd64 (6.3.0-18+deb9u1) ...
Selecting previously unselected package libatomic1:amd64.
Preparing to unpack .../14-libatomic1_6.3.0-18+deb9u1_amd64.deb ...
Unpacking libatomic1:amd64 (6.3.0-18+deb9u1) ...
Selecting previously unselected package libasan3:amd64.
Preparing to unpack .../15-libasan3_6.3.0-18+deb9u1_amd64.deb ...
Unpacking libasan3:amd64 (6.3.0-18+deb9u1) ...
Selecting previously unselected package liblsan0:amd64.
Preparing to unpack .../16-liblsan0_6.3.0-18+deb9u1_amd64.deb ...
Unpacking liblsan0:amd64 (6.3.0-18+deb9u1) ...
Selecting previously unselected package libtsan0:amd64.
Preparing to unpack .../17-libtsan0_6.3.0-18+deb9u1_amd64.deb ...
Unpacking libtsan0:amd64 (6.3.0-18+deb9u1) ...
Selecting previously unselected package libubsan0:amd64.
Preparing to unpack .../18-libubsan0_6.3.0-18+deb9u1_amd64.deb ...
Unpacking libubsan0:amd64 (6.3.0-18+deb9u1) ...
Selecting previously unselected package libcilkrts5:amd64.
Preparing to unpack .../19-libcilkrts5_6.3.0-18+deb9u1_amd64.deb ...
Unpacking libcilkrts5:amd64 (6.3.0-18+deb9u1) ...
Selecting previously unselected package libmpx2:amd64.
Preparing to unpack .../20-libmpx2_6.3.0-18+deb9u1_amd64.deb ...
Unpacking libmpx2:amd64 (6.3.0-18+deb9u1) ...
Selecting previously unselected package libquadmath0:amd64.
Preparing to unpack .../21-libquadmath0_6.3.0-18+deb9u1_amd64.deb ...
Unpacking libquadmath0:amd64 (6.3.0-18+deb9u1) ...
Selecting previously unselected package libgcc-6-dev:amd64.
Preparing to unpack .../22-libgcc-6-dev_6.3.0-18+deb9u1_amd64.deb ...
Unpacking libgcc-6-dev:amd64 (6.3.0-18+deb9u1) ...
Selecting previously unselected package gcc-6.
Preparing to unpack .../23-gcc-6_6.3.0-18+deb9u1_amd64.deb ...
Unpacking gcc-6 (6.3.0-18+deb9u1) ...
Selecting previously unselected package gcc.
Preparing to unpack .../24-gcc_4%3a6.3.0-4_amd64.deb ...
Unpacking gcc (4:6.3.0-4) ...
Selecting previously unselected package make.
Preparing to unpack .../25-make_4.1-9.1_amd64.deb ...
Unpacking make (4.1-9.1) ...
Selecting previously unselected package patch.
Preparing to unpack .../26-patch_2.7.5-1+deb9u1_amd64.deb ...
Unpacking patch (2.7.5-1+deb9u1) ...
Selecting previously unselected package dkms.
Preparing to unpack .../27-dkms_2.3-2_all.deb ...
Unpacking dkms (2.3-2) ...
Selecting previously unselected package linux-kbuild-4.9.
Preparing to unpack .../28-linux-kbuild-4.9_4.9.110-3+deb9u4_amd64.deb ...
Unpacking linux-kbuild-4.9 (4.9.110-3+deb9u4) ...
Selecting previously unselected package aufs-dkms.
Preparing to unpack .../29-aufs-dkms_4.9+20161219-1_amd64.deb ...
Unpacking aufs-dkms (4.9+20161219-1) ...
Selecting previously unselected package aufs-tools.
Preparing to unpack .../30-aufs-tools_1%3a4.1+20161219-1_amd64.deb ...
Unpacking aufs-tools (1:4.1+20161219-1) ...
Selecting previously unselected package cgroupfs-mount.
Preparing to unpack .../31-cgroupfs-mount_1.3_all.deb ...
Unpacking cgroupfs-mount (1.3) ...
Selecting previously unselected package libltdl7:amd64.
Preparing to unpack .../32-libltdl7_2.4.6-2_amd64.deb ...
Unpacking libltdl7:amd64 (2.4.6-2) ...
Selecting previously unselected package docker-ce.
Preparing to unpack .../33-docker-ce_18.06.1~ce~3-0~debian_amd64.deb ...
Unpacking docker-ce (18.06.1~ce~3-0~debian) ...
Selecting previously unselected package libfakeroot:amd64.
Preparing to unpack .../34-libfakeroot_1.21-3.1_amd64.deb ...
Unpacking libfakeroot:amd64 (1.21-3.1) ...
Selecting previously unselected package fakeroot.
Preparing to unpack .../35-fakeroot_1.21-3.1_amd64.deb ...
Unpacking fakeroot (1.21-3.1) ...
Selecting previously unselected package libc-dev-bin.
Preparing to unpack .../36-libc-dev-bin_2.24-11+deb9u3_amd64.deb ...
Unpacking libc-dev-bin (2.24-11+deb9u3) ...
Selecting previously unselected package linux-libc-dev:amd64.
Preparing to unpack .../37-linux-libc-dev_4.9.110-3+deb9u4_amd64.deb ...
Unpacking linux-libc-dev:amd64 (4.9.110-3+deb9u4) ...
Selecting previously unselected package libc6-dev:amd64.
Preparing to unpack .../38-libc6-dev_2.24-11+deb9u3_amd64.deb ...
Unpacking libc6-dev:amd64 (2.24-11+deb9u3) ...
Selecting previously unselected package linux-compiler-gcc-6-x86.
Preparing to unpack .../39-linux-compiler-gcc-6-x86_4.9.110-3+deb9u4_amd64.deb ...
Unpacking linux-compiler-gcc-6-x86 (4.9.110-3+deb9u4) ...
Selecting previously unselected package linux-headers-4.9.0-8-common.
Preparing to unpack .../40-linux-headers-4.9.0-8-common_4.9.110-3+deb9u4_all.deb ...
Unpacking linux-headers-4.9.0-8-common (4.9.110-3+deb9u4) ...
Selecting previously unselected package linux-headers-4.9.0-8-amd64.
Preparing to unpack .../41-linux-headers-4.9.0-8-amd64_4.9.110-3+deb9u4_amd64.deb ...
Unpacking linux-headers-4.9.0-8-amd64 (4.9.110-3+deb9u4) ...
Selecting previously unselected package linux-headers-amd64.
Preparing to unpack .../42-linux-headers-amd64_4.9+80+deb9u6_amd64.deb ...
Unpacking linux-headers-amd64 (4.9+80+deb9u6) ...
Selecting previously unselected package manpages-dev.
Preparing to unpack .../43-manpages-dev_4.10-2_all.deb ...
Unpacking manpages-dev (4.10-2) ...
Selecting previously unselected package rsync.
Preparing to unpack .../44-rsync_3.1.2-1+deb9u1_amd64.deb ...
Unpacking rsync (3.1.2-1+deb9u1) ...
Setting up libquadmath0:amd64 (6.3.0-18+deb9u1) ...
Setting up aufs-tools (1:4.1+20161219-1) ...
Setting up libgomp1:amd64 (6.3.0-18+deb9u1) ...
Setting up libatomic1:amd64 (6.3.0-18+deb9u1) ...
Setting up manpages (4.10-2) ...
Setting up git-man (1:2.11.0-3+deb9u3) ...
Setting up libcc1-0:amd64 (6.3.0-18+deb9u1) ...
Setting up less (481-2.1) ...
Setting up make (4.1-9.1) ...
Setting up libasan3:amd64 (6.3.0-18+deb9u1) ...
Setting up linux-headers-4.9.0-8-common (4.9.110-3+deb9u4) ...
Processing triggers for mime-support (3.60) ...
Setting up liberror-perl (0.17024-1) ...
Setting up libcilkrts5:amd64 (6.3.0-18+deb9u1) ...
Setting up libubsan0:amd64 (6.3.0-18+deb9u1) ...
Setting up libtsan0:amd64 (6.3.0-18+deb9u1) ...
Setting up linux-libc-dev:amd64 (4.9.110-3+deb9u4) ...
Setting up cgroupfs-mount (1.3) ...
Setting up rsync (3.1.2-1+deb9u1) ...
Setting up liblsan0:amd64 (6.3.0-18+deb9u1) ...
Setting up libmpx2:amd64 (6.3.0-18+deb9u1) ...
Setting up libisl15:amd64 (0.18-1) ...
Setting up patch (2.7.5-1+deb9u1) ...
Setting up linux-kbuild-4.9 (4.9.110-3+deb9u4) ...
Processing triggers for libc-bin (2.24-11+deb9u3) ...
Setting up libfakeroot:amd64 (1.21-3.1) ...
Processing triggers for systemd (232-25+deb9u4) ...
Setting up libltdl7:amd64 (2.4.6-2) ...
Processing triggers for man-db (2.7.6.1-2) ...
Setting up libmpc3:amd64 (1.0.3-1+b2) ...
Setting up binutils (2.28-5) ...
Setting up cpp-6 (6.3.0-18+deb9u1) ...
Setting up libc-dev-bin (2.24-11+deb9u3) ...
Setting up manpages-dev (4.10-2) ...
Setting up libc6-dev:amd64 (2.24-11+deb9u3) ...
Setting up pigz (2.3.4-1) ...
Setting up git (1:2.11.0-3+deb9u3) ...
Setting up libitm1:amd64 (6.3.0-18+deb9u1) ...
Setting up cpp (4:6.3.0-4) ...
Setting up docker-ce (18.06.1~ce~3-0~debian) ...
Created symlink /etc/systemd/system/multi-user.target.wants/docker.service ? /lib/systemd/system/docker.service.
Created symlink /etc/systemd/system/sockets.target.wants/docker.socket ? /lib/systemd/system/docker.socket.
Setting up libgcc-6-dev:amd64 (6.3.0-18+deb9u1) ...
Setting up fakeroot (1.21-3.1) ...
update-alternatives: using /usr/bin/fakeroot-sysv to provide /usr/bin/fakeroot (fakeroot) in auto mode
Setting up gcc-6 (6.3.0-18+deb9u1) ...
Setting up gcc (4:6.3.0-4) ...
Setting up linux-compiler-gcc-6-x86 (4.9.110-3+deb9u4) ...
Setting up dkms (2.3-2) ...
Setting up linux-headers-4.9.0-8-amd64 (4.9.110-3+deb9u4) ...
Setting up aufs-dkms (4.9+20161219-1) ...
Loading new aufs-4.9+20161219 DKMS files...
Building for 4.9.0-8-amd64
Building initial module for 4.9.0-8-amd64

Done.

aufs:
Running module version sanity check.
 - Original module
   - No original module exists within this kernel
 - Installation
   - Installing to /lib/modules/4.9.0-8-amd64/updates/dkms/

depmod.....

DKMS: install completed.
Setting up linux-headers-amd64 (4.9+80+deb9u6) ...
Processing triggers for libc-bin (2.24-11+deb9u3) ...
Processing triggers for systemd (232-25+deb9u4) ...

********
devekinandan@test-server:~$ sudo systemctl start docker

********
devekinandan@test-server:~$ sudo systemctl status docker

********
devekinandan@test-server:~$ sudo docker run hello-world
Unable to find image 'hello-world:latest' locally
latest: Pulling from library/hello-world
d1725b59e92d: Pull complete 
Digest: sha256:0add3ace90ecb4adbf7777e9aacf18357296e799f81cabc9fde470971e499788
Status: Downloaded newer image for hello-world:latest

Hello from Docker!
This message shows that your installation appears to be working correctly.

To generate this message, Docker took the following steps:
 1. The Docker client contacted the Docker daemon.
 2. The Docker daemon pulled the "hello-world" image from the Docker Hub.
    (amd64)
 3. The Docker daemon created a new container from that image which runs the
    executable that produces the output you are currently reading.
 4. The Docker daemon streamed that output to the Docker client, which sent it
    to your terminal.

To try something more ambitious, you can run an Ubuntu container with:
 $ docker run -it ubuntu bash

Share images, automate workflows, and more with a free Docker ID:
 https://hub.docker.com/

For more examples and ideas, visit:
 https://docs.docker.com/get-started/

********
devekinandan@test-server:~$ sudo docker images
REPOSITORY          TAG                 IMAGE ID            CREATED             SIZE
hello-world         latest              4ab4c602aa5e        6 days ago          1.84kB

********
devekinandan@test-server:~$ sudo docker rmi --force 4ab4c602aa5e
Untagged: hello-world:latest
Untagged: hello-world@sha256:0add3ace90ecb4adbf7777e9aacf18357296e799f81cabc9fde470971e499788
Deleted: sha256:4ab4c602aa5eed5528a6620ff18a1dc4faef0e1ab3a5eddeddb410714478c67f

********
devekinandan@test-server:~$ 

